>>> def cross_entropy_error(y, t):
...  delta = 1e-7                                         # log값이 0이될 때 inf출력(오류발생)을 막아줌
...  return -np.sum(t * np.log(y + delta))              
...
>>> y = [0.1,0.05,0.6,0.0,0.05,0.1,0.0,0.1,0.0,0.0]
>>> cross_entropy_error(np.array(y), np.array(t))
0.510825457099338
>>> y = [0.1,0.05,0.1,0.0,0.05,0.1,0.0,0.6,0.0,0.0]
>>> cross_entropy_error(np.array(y), np.array(t))
2.302584092994546                                         # 오차값이 0에 가까워질 수록 
